
> lk-group@0.1.0 check
> npm run lint && npm run typecheck && npm run build


> lk-group@0.1.0 lint
> eslint . --max-warnings=0


> lk-group@0.1.0 typecheck
> next typegen && tsc --noEmit

Generating route types...
✓ Types generated successfully

> lk-group@0.1.0 build
> next build --webpack

▲ Next.js 16.3.6 (webpack)
✓ Running next.config.ts took 11ms

  Creating an optimized production build ...
✓ Compiled successfully in 739ms
  Running TypeScript ...
  Finished TypeScript in 686ms ...
  Collecting page data using 5 workers ...
  Generating static pages using 5 workers (0/4) ...
  Generating static pages using 5 workers (1/4) 
  Generating static pages using 5 workers (2/4) 
  Generating static pages using 5 workers (3/4) 
✓ Generating static pages using 5 workers (4/4) in 208ms
  Finalizing page optimization ...
  Collecting build traces ...

Route (app)
┌ ○ /
├ ○ /_not-found
└ ○ /services/cabinet-painting


○  (Static)  prerendered as static content

